2026-08-30 16:32:04,810 INFO === Run started ===
2026-08-30 16:32:15,046 INFO First run: baseline saved with 603 products (no alert)
2026-08-30 16:32:15,050 INFO === Run finished ===
2026-08-30 19:22:15,726 INFO === Run started ===
2026-08-30 19:22:28,845 INFO No new products (602 tracked)
2026-08-30 19:22:28,848 INFO === Run finished ===
2026-08-30 21:55:48,592 INFO === Run started ===
2026-08-30 21:55:57,121 INFO No new products (595 tracked)
2026-08-30 21:55:57,123 INFO === Run finished ===
2026-08-31 00:08:51,493 INFO === Run started ===
2026-08-31 00:09:02,415 INFO No new products (595 tracked)
2026-08-31 00:09:02,418 INFO === Run finished ===
2026-08-31 01:59:25,853 INFO === Run started ===
2026-08-31 01:59:34,644 INFO No new products (595 tracked)
2026-08-31 01:59:34,647 INFO === Run finished ===
2026-08-31 06:33:53,162 INFO === Run started ===
2026-08-31 06:34:02,346 INFO No new products (595 tracked)
2026-08-31 06:34:02,350 INFO === Run finished ===
2026-08-31 14:22:47,107 INFO === Run started ===
2026-08-31 14:22:53,923 INFO No new products (317 tracked)
2026-08-31 14:22:53,925 INFO === Run finished ===
2026-08-31 19:19:46,294 INFO === Run started ===
2026-08-31 19:19:52,790 INFO No new products (308 tracked)
2026-08-31 19:19:52,792 INFO === Run finished ===
2026-08-31 23:14:51,083 INFO === Run started ===
2026-08-31 23:14:56,801 INFO NEW/RESTOCKED products detected: 6
2026-08-31 23:14:56,801 INFO   NEW: Coca-Cola Qoo Jelly | $2.18 | n/a | https://www.ebisustore.com/index.php?route=product/product&path=148&product_id=287&limit=100
2026-08-31 23:14:56,801 INFO   NEW: Asahi Rich Black Cof | $1.49 | n/a | https://www.ebisustore.com/index.php?route=product/product&path=148&product_id=10918&limit=100
2026-08-31 23:14:56,801 INFO   NEW: Suntory Big Zero Pep | $1.56 | n/a | https://www.ebisustore.com/index.php?route=product/product&path=148&product_id=25073&limit=100
2026-08-31 23:14:56,801 INFO   NEW: Sangaria Natural Wat | $1.10 | n/a | https://www.ebisustore.com/index.php?route=product/product&path=148&product_id=3152&limit=100
2026-08-31 23:14:56,801 INFO   NEW: Hata Soda Grapefruit | $1.19 | n/a | https://www.ebisustore.com/index.php?route=product/product&path=148&product_id=25720&limit=100
2026-08-31 23:14:56,801 INFO   NEW: Kirin Afternoon Stra | $1.57 | n/a | https://www.ebisustore.com/index.php?route=product/product&path=148&product_id=18797&limit=100
2026-08-31 23:14:59,048 INFO Email sent: Ebisu: 6 new/restocked items!
2026-08-31 23:14:59,246 INFO ntfy push sent: Ebisu: 6 new/restocked items!
2026-08-31 23:14:59,248 INFO === Run finished ===
2026-09-01 01:50:23,334 INFO === Run started ===
2026-09-01 01:50:29,958 INFO No new products (312 tracked)
2026-09-01 01:50:29,960 INFO === Run finished ===
